16:32:41: [INFO] [/Users/abrizvi/Desktop/Personal/UWARG/Bootcamp/autonomy-bootcamp-2025-p2/modules/command/command_worker.py | command_worker | 51] Logger initialized
16:32:41: [INFO] [/Users/abrizvi/Desktop/Personal/UWARG/Bootcamp/autonomy-bootcamp-2025-p2/modules/command/command.py | __init__ | 87] Command initialized
16:32:41: [INFO] [/Users/abrizvi/Desktop/Personal/UWARG/Bootcamp/autonomy-bootcamp-2025-p2/modules/command/command.py | create | 58] Command instance created
16:32:41: [INFO] [/Users/abrizvi/Desktop/Personal/UWARG/Bootcamp/autonomy-bootcamp-2025-p2/modules/command/command_worker.py | command_worker | 68] Received telemetry data: {
            time_since_boot: None,
            x: 0,
            y: 0,
            z: 29,
            x_velocity: 0,
            y_velocity: 0,
            z_velocity: 4,
            roll: None,
            pitch: None,
            yaw: 0,
            roll_speed: None,
            pitch_speed: None,
            yaw_speed: None
        }
16:32:41: [INFO] [/Users/abrizvi/Desktop/Personal/UWARG/Bootcamp/autonomy-bootcamp-2025-p2/modules/command/command.py | run | 104] Current Average Velocity: 4.00 m/s
16:32:41: [INFO] [/Users/abrizvi/Desktop/Personal/UWARG/Bootcamp/autonomy-bootcamp-2025-p2/modules/command/command_worker.py | command_worker | 70] Command run produced: alt_str: CHANGE_ALTITUDE: 1.00 meters. , yaw_str: CHANGING_YAW: 63.43 degrees. 
16:32:41: [INFO] [/Users/abrizvi/Desktop/Personal/UWARG/Bootcamp/autonomy-bootcamp-2025-p2/modules/command/command_worker.py | command_worker | 68] Received telemetry data: {
            time_since_boot: None,
            x: 0,
            y: 0,
            z: 31,
            x_velocity: 0,
            y_velocity: 0,
            z_velocity: -2,
            roll: None,
            pitch: None,
            yaw: 0,
            roll_speed: None,
            pitch_speed: None,
            yaw_speed: None
        }
16:32:41: [INFO] [/Users/abrizvi/Desktop/Personal/UWARG/Bootcamp/autonomy-bootcamp-2025-p2/modules/command/command.py | run | 104] Current Average Velocity: 3.00 m/s
16:32:41: [INFO] [/Users/abrizvi/Desktop/Personal/UWARG/Bootcamp/autonomy-bootcamp-2025-p2/modules/command/command_worker.py | command_worker | 70] Command run produced: alt_str: CHANGE_ALTITUDE: -1.00 meters. , yaw_str: CHANGING_YAW: 63.43 degrees. 
16:32:42: [INFO] [/Users/abrizvi/Desktop/Personal/UWARG/Bootcamp/autonomy-bootcamp-2025-p2/modules/command/command_worker.py | command_worker | 68] Received telemetry data: {
            time_since_boot: None,
            x: 0,
            y: 0,
            z: 30.2,
            x_velocity: 0,
            y_velocity: 0,
            z_velocity: 0,
            roll: None,
            pitch: None,
            yaw: 1.1071487177940904,
            roll_speed: None,
            pitch_speed: None,
            yaw_speed: None
        }
16:32:42: [INFO] [/Users/abrizvi/Desktop/Personal/UWARG/Bootcamp/autonomy-bootcamp-2025-p2/modules/command/command.py | run | 104] Current Average Velocity: 2.00 m/s
16:32:42: [INFO] [/Users/abrizvi/Desktop/Personal/UWARG/Bootcamp/autonomy-bootcamp-2025-p2/modules/command/command_worker.py | command_worker | 70] Command run produced: alt_str: , yaw_str: 
16:32:42: [INFO] [/Users/abrizvi/Desktop/Personal/UWARG/Bootcamp/autonomy-bootcamp-2025-p2/modules/command/command_worker.py | command_worker | 68] Received telemetry data: {
            time_since_boot: None,
            x: 0,
            y: 0,
            z: 29.8,
            x_velocity: 0,
            y_velocity: 0,
            z_velocity: 0,
            roll: None,
            pitch: None,
            yaw: 1.1071487177940904,
            roll_speed: None,
            pitch_speed: None,
            yaw_speed: None
        }
16:32:42: [INFO] [/Users/abrizvi/Desktop/Personal/UWARG/Bootcamp/autonomy-bootcamp-2025-p2/modules/command/command.py | run | 104] Current Average Velocity: 1.50 m/s
16:32:42: [INFO] [/Users/abrizvi/Desktop/Personal/UWARG/Bootcamp/autonomy-bootcamp-2025-p2/modules/command/command_worker.py | command_worker | 70] Command run produced: alt_str: , yaw_str: 
16:32:43: [INFO] [/Users/abrizvi/Desktop/Personal/UWARG/Bootcamp/autonomy-bootcamp-2025-p2/modules/command/command_worker.py | command_worker | 68] Received telemetry data: {
            time_since_boot: None,
            x: 0,
            y: 0,
            z: 30,
            x_velocity: 0,
            y_velocity: 0,
            z_velocity: 0,
            roll: None,
            pitch: None,
            yaw: 1.1071487177940904,
            roll_speed: None,
            pitch_speed: None,
            yaw_speed: None
        }
16:32:43: [INFO] [/Users/abrizvi/Desktop/Personal/UWARG/Bootcamp/autonomy-bootcamp-2025-p2/modules/command/command.py | run | 104] Current Average Velocity: 1.20 m/s
16:32:43: [INFO] [/Users/abrizvi/Desktop/Personal/UWARG/Bootcamp/autonomy-bootcamp-2025-p2/modules/command/command_worker.py | command_worker | 70] Command run produced: alt_str: , yaw_str: 
16:32:43: [INFO] [/Users/abrizvi/Desktop/Personal/UWARG/Bootcamp/autonomy-bootcamp-2025-p2/modules/command/command_worker.py | command_worker | 68] Received telemetry data: {
            time_since_boot: None,
            x: 0,
            y: 0,
            z: 30,
            x_velocity: 0,
            y_velocity: 0,
            z_velocity: 0,
            roll: None,
            pitch: None,
            yaw: 1.142055302833977,
            roll_speed: None,
            pitch_speed: None,
            yaw_speed: None
        }
16:32:43: [INFO] [/Users/abrizvi/Desktop/Personal/UWARG/Bootcamp/autonomy-bootcamp-2025-p2/modules/command/command.py | run | 104] Current Average Velocity: 1.00 m/s
16:32:43: [INFO] [/Users/abrizvi/Desktop/Personal/UWARG/Bootcamp/autonomy-bootcamp-2025-p2/modules/command/command_worker.py | command_worker | 70] Command run produced: alt_str: , yaw_str: 
16:32:44: [INFO] [/Users/abrizvi/Desktop/Personal/UWARG/Bootcamp/autonomy-bootcamp-2025-p2/modules/command/command_worker.py | command_worker | 68] Received telemetry data: {
            time_since_boot: None,
            x: 0,
            y: 0,
            z: 30,
            x_velocity: 0,
            y_velocity: 0,
            z_velocity: 0,
            roll: None,
            pitch: None,
            yaw: 1.072242132754204,
            roll_speed: None,
            pitch_speed: None,
            yaw_speed: None
        }
16:32:44: [INFO] [/Users/abrizvi/Desktop/Personal/UWARG/Bootcamp/autonomy-bootcamp-2025-p2/modules/command/command.py | run | 104] Current Average Velocity: 0.86 m/s
16:32:44: [INFO] [/Users/abrizvi/Desktop/Personal/UWARG/Bootcamp/autonomy-bootcamp-2025-p2/modules/command/command_worker.py | command_worker | 70] Command run produced: alt_str: , yaw_str: 
16:32:44: [INFO] [/Users/abrizvi/Desktop/Personal/UWARG/Bootcamp/autonomy-bootcamp-2025-p2/modules/command/command_worker.py | command_worker | 68] Received telemetry data: {
            time_since_boot: None,
            x: 0,
            y: 0,
            z: 30,
            x_velocity: 0,
            y_velocity: 20,
            z_velocity: 0,
            roll: None,
            pitch: None,
            yaw: 0,
            roll_speed: None,
            pitch_speed: None,
            yaw_speed: None
        }
16:32:44: [INFO] [/Users/abrizvi/Desktop/Personal/UWARG/Bootcamp/autonomy-bootcamp-2025-p2/modules/command/command.py | run | 104] Current Average Velocity: 3.25 m/s
16:32:44: [INFO] [/Users/abrizvi/Desktop/Personal/UWARG/Bootcamp/autonomy-bootcamp-2025-p2/modules/command/command_worker.py | command_worker | 70] Command run produced: alt_str: , yaw_str: CHANGING_YAW: 63.43 degrees. 
16:32:45: [INFO] [/Users/abrizvi/Desktop/Personal/UWARG/Bootcamp/autonomy-bootcamp-2025-p2/modules/command/command_worker.py | command_worker | 68] Received telemetry data: {
            time_since_boot: None,
            x: 10,
            y: 0,
            z: 30,
            x_velocity: 0,
            y_velocity: 20,
            z_velocity: 0,
            roll: None,
            pitch: None,
            yaw: 0,
            roll_speed: None,
            pitch_speed: None,
            yaw_speed: None
        }
16:32:45: [INFO] [/Users/abrizvi/Desktop/Personal/UWARG/Bootcamp/autonomy-bootcamp-2025-p2/modules/command/command.py | run | 104] Current Average Velocity: 5.11 m/s
16:32:45: [INFO] [/Users/abrizvi/Desktop/Personal/UWARG/Bootcamp/autonomy-bootcamp-2025-p2/modules/command/command_worker.py | command_worker | 70] Command run produced: alt_str: , yaw_str: CHANGING_YAW: 63.43 degrees. 
16:32:45: [INFO] [/Users/abrizvi/Desktop/Personal/UWARG/Bootcamp/autonomy-bootcamp-2025-p2/modules/command/command_worker.py | command_worker | 68] Received telemetry data: {
            time_since_boot: None,
            x: 20,
            y: 0,
            z: 30,
            x_velocity: 0,
            y_velocity: 20,
            z_velocity: 0,
            roll: None,
            pitch: None,
            yaw: 0,
            roll_speed: None,
            pitch_speed: None,
            yaw_speed: None
        }
16:32:45: [INFO] [/Users/abrizvi/Desktop/Personal/UWARG/Bootcamp/autonomy-bootcamp-2025-p2/modules/command/command.py | run | 104] Current Average Velocity: 6.60 m/s
16:32:45: [INFO] [/Users/abrizvi/Desktop/Personal/UWARG/Bootcamp/autonomy-bootcamp-2025-p2/modules/command/command_worker.py | command_worker | 70] Command run produced: alt_str: , yaw_str: CHANGING_YAW: 63.43 degrees. 
16:32:46: [INFO] [/Users/abrizvi/Desktop/Personal/UWARG/Bootcamp/autonomy-bootcamp-2025-p2/modules/command/command_worker.py | command_worker | 68] Received telemetry data: {
            time_since_boot: None,
            x: 30,
            y: 0,
            z: 30,
            x_velocity: 20,
            y_velocity: 0,
            z_velocity: 0,
            roll: None,
            pitch: None,
            yaw: 1.5707963267948966,
            roll_speed: None,
            pitch_speed: None,
            yaw_speed: None
        }
16:32:46: [INFO] [/Users/abrizvi/Desktop/Personal/UWARG/Bootcamp/autonomy-bootcamp-2025-p2/modules/command/command.py | run | 104] Current Average Velocity: 7.82 m/s
16:32:46: [INFO] [/Users/abrizvi/Desktop/Personal/UWARG/Bootcamp/autonomy-bootcamp-2025-p2/modules/command/command_worker.py | command_worker | 70] Command run produced: alt_str: , yaw_str: CHANGING_YAW: -26.57 degrees. 
16:32:46: [INFO] [/Users/abrizvi/Desktop/Personal/UWARG/Bootcamp/autonomy-bootcamp-2025-p2/modules/command/command_worker.py | command_worker | 68] Received telemetry data: {
            time_since_boot: None,
            x: 30,
            y: 10,
            z: 30,
            x_velocity: 20,
            y_velocity: 0,
            z_velocity: 0,
            roll: None,
            pitch: None,
            yaw: 1.5707963267948966,
            roll_speed: None,
            pitch_speed: None,
            yaw_speed: None
        }
16:32:46: [INFO] [/Users/abrizvi/Desktop/Personal/UWARG/Bootcamp/autonomy-bootcamp-2025-p2/modules/command/command.py | run | 104] Current Average Velocity: 8.83 m/s
16:32:46: [INFO] [/Users/abrizvi/Desktop/Personal/UWARG/Bootcamp/autonomy-bootcamp-2025-p2/modules/command/command_worker.py | command_worker | 70] Command run produced: alt_str: , yaw_str: CHANGING_YAW: -26.57 degrees. 
16:32:47: [INFO] [/Users/abrizvi/Desktop/Personal/UWARG/Bootcamp/autonomy-bootcamp-2025-p2/modules/command/command_worker.py | command_worker | 68] Received telemetry data: {
            time_since_boot: None,
            x: 30,
            y: 20,
            z: 30,
            x_velocity: 20,
            y_velocity: 0,
            z_velocity: 0,
            roll: None,
            pitch: None,
            yaw: 1.5707963267948966,
            roll_speed: None,
            pitch_speed: None,
            yaw_speed: None
        }
16:32:47: [INFO] [/Users/abrizvi/Desktop/Personal/UWARG/Bootcamp/autonomy-bootcamp-2025-p2/modules/command/command.py | run | 104] Current Average Velocity: 9.69 m/s
16:32:47: [INFO] [/Users/abrizvi/Desktop/Personal/UWARG/Bootcamp/autonomy-bootcamp-2025-p2/modules/command/command_worker.py | command_worker | 70] Command run produced: alt_str: , yaw_str: CHANGING_YAW: -26.57 degrees. 
16:32:47: [INFO] [/Users/abrizvi/Desktop/Personal/UWARG/Bootcamp/autonomy-bootcamp-2025-p2/modules/command/command_worker.py | command_worker | 68] Received telemetry data: {
            time_since_boot: None,
            x: 30,
            y: 30,
            z: 30,
            x_velocity: 0,
            y_velocity: -20,
            z_velocity: 0,
            roll: None,
            pitch: None,
            yaw: 3.141592653589793,
            roll_speed: None,
            pitch_speed: None,
            yaw_speed: None
        }
16:32:47: [INFO] [/Users/abrizvi/Desktop/Personal/UWARG/Bootcamp/autonomy-bootcamp-2025-p2/modules/command/command.py | run | 104] Current Average Velocity: 10.43 m/s
16:32:47: [INFO] [/Users/abrizvi/Desktop/Personal/UWARG/Bootcamp/autonomy-bootcamp-2025-p2/modules/command/command_worker.py | command_worker | 70] Command run produced: alt_str: , yaw_str: CHANGING_YAW: -116.57 degrees. 
16:32:48: [INFO] [/Users/abrizvi/Desktop/Personal/UWARG/Bootcamp/autonomy-bootcamp-2025-p2/modules/command/command_worker.py | command_worker | 68] Received telemetry data: {
            time_since_boot: None,
            x: 20,
            y: 30,
            z: 30,
            x_velocity: 0,
            y_velocity: -20,
            z_velocity: 0,
            roll: None,
            pitch: None,
            yaw: -3.141592653589793,
            roll_speed: None,
            pitch_speed: None,
            yaw_speed: None
        }
16:32:48: [INFO] [/Users/abrizvi/Desktop/Personal/UWARG/Bootcamp/autonomy-bootcamp-2025-p2/modules/command/command.py | run | 104] Current Average Velocity: 11.07 m/s
16:32:48: [INFO] [/Users/abrizvi/Desktop/Personal/UWARG/Bootcamp/autonomy-bootcamp-2025-p2/modules/command/command_worker.py | command_worker | 70] Command run produced: alt_str: , yaw_str: CHANGING_YAW: -116.57 degrees. 
16:32:48: [INFO] [/Users/abrizvi/Desktop/Personal/UWARG/Bootcamp/autonomy-bootcamp-2025-p2/modules/command/command_worker.py | command_worker | 68] Received telemetry data: {
            time_since_boot: None,
            x: 10,
            y: 30,
            z: 30,
            x_velocity: 0,
            y_velocity: -20,
            z_velocity: 0,
            roll: None,
            pitch: None,
            yaw: 3.141592653589793,
            roll_speed: None,
            pitch_speed: None,
            yaw_speed: None
        }
16:32:48: [INFO] [/Users/abrizvi/Desktop/Personal/UWARG/Bootcamp/autonomy-bootcamp-2025-p2/modules/command/command.py | run | 104] Current Average Velocity: 11.62 m/s
16:32:48: [INFO] [/Users/abrizvi/Desktop/Personal/UWARG/Bootcamp/autonomy-bootcamp-2025-p2/modules/command/command_worker.py | command_worker | 70] Command run produced: alt_str: , yaw_str: CHANGING_YAW: -116.57 degrees. 
16:32:49: [INFO] [/Users/abrizvi/Desktop/Personal/UWARG/Bootcamp/autonomy-bootcamp-2025-p2/modules/command/command_worker.py | command_worker | 68] Received telemetry data: {
            time_since_boot: None,
            x: 0,
            y: 30,
            z: 30,
            x_velocity: -20,
            y_velocity: 0,
            z_velocity: 0,
            roll: None,
            pitch: None,
            yaw: -1.5707963267948966,
            roll_speed: None,
            pitch_speed: None,
            yaw_speed: None
        }
16:32:49: [INFO] [/Users/abrizvi/Desktop/Personal/UWARG/Bootcamp/autonomy-bootcamp-2025-p2/modules/command/command.py | run | 104] Current Average Velocity: 12.12 m/s
16:32:49: [INFO] [/Users/abrizvi/Desktop/Personal/UWARG/Bootcamp/autonomy-bootcamp-2025-p2/modules/command/command_worker.py | command_worker | 70] Command run produced: alt_str: , yaw_str: CHANGING_YAW: 153.43 degrees. 
16:32:49: [INFO] [/Users/abrizvi/Desktop/Personal/UWARG/Bootcamp/autonomy-bootcamp-2025-p2/modules/command/command_worker.py | command_worker | 68] Received telemetry data: {
            time_since_boot: None,
            x: 0,
            y: 20,
            z: 30,
            x_velocity: -20,
            y_velocity: 0,
            z_velocity: 0,
            roll: None,
            pitch: None,
            yaw: -1.5707963267948966,
            roll_speed: None,
            pitch_speed: None,
            yaw_speed: None
        }
16:32:49: [INFO] [/Users/abrizvi/Desktop/Personal/UWARG/Bootcamp/autonomy-bootcamp-2025-p2/modules/command/command.py | run | 104] Current Average Velocity: 12.56 m/s
16:32:49: [INFO] [/Users/abrizvi/Desktop/Personal/UWARG/Bootcamp/autonomy-bootcamp-2025-p2/modules/command/command_worker.py | command_worker | 70] Command run produced: alt_str: , yaw_str: CHANGING_YAW: 153.43 degrees. 
16:32:50: [INFO] [/Users/abrizvi/Desktop/Personal/UWARG/Bootcamp/autonomy-bootcamp-2025-p2/modules/command/command_worker.py | command_worker | 68] Received telemetry data: {
            time_since_boot: None,
            x: 0,
            y: 10,
            z: 30,
            x_velocity: -20,
            y_velocity: 0,
            z_velocity: 0,
            roll: None,
            pitch: None,
            yaw: -1.5707963267948966,
            roll_speed: None,
            pitch_speed: None,
            yaw_speed: None
        }
16:32:50: [INFO] [/Users/abrizvi/Desktop/Personal/UWARG/Bootcamp/autonomy-bootcamp-2025-p2/modules/command/command.py | run | 104] Current Average Velocity: 12.95 m/s
16:32:50: [INFO] [/Users/abrizvi/Desktop/Personal/UWARG/Bootcamp/autonomy-bootcamp-2025-p2/modules/command/command_worker.py | command_worker | 70] Command run produced: alt_str: , yaw_str: CHANGING_YAW: 153.43 degrees. 
16:32:50: [INFO] [/Users/abrizvi/Desktop/Personal/UWARG/Bootcamp/autonomy-bootcamp-2025-p2/modules/command/command_worker.py | command_worker | 68] Received telemetry data: {
            time_since_boot: None,
            x: 0,
            y: 0,
            z: 30,
            x_velocity: 0,
            y_velocity: 20,
            z_velocity: 0,
            roll: None,
            pitch: None,
            yaw: 1.5707963267948966,
            roll_speed: None,
            pitch_speed: None,
            yaw_speed: None
        }
16:32:50: [INFO] [/Users/abrizvi/Desktop/Personal/UWARG/Bootcamp/autonomy-bootcamp-2025-p2/modules/command/command.py | run | 104] Current Average Velocity: 13.30 m/s
16:32:50: [INFO] [/Users/abrizvi/Desktop/Personal/UWARG/Bootcamp/autonomy-bootcamp-2025-p2/modules/command/command_worker.py | command_worker | 70] Command run produced: alt_str: , yaw_str: CHANGING_YAW: -26.57 degrees. 
16:32:51: [INFO] [/Users/abrizvi/Desktop/Personal/UWARG/Bootcamp/autonomy-bootcamp-2025-p2/modules/command/command_worker.py | command_worker | 68] Received telemetry data: {
            time_since_boot: None,
            x: 0,
            y: 10,
            z: 30,
            x_velocity: 0,
            y_velocity: 20,
            z_velocity: 0,
            roll: None,
            pitch: None,
            yaw: 1.5707963267948966,
            roll_speed: None,
            pitch_speed: None,
            yaw_speed: None
        }
16:32:51: [INFO] [/Users/abrizvi/Desktop/Personal/UWARG/Bootcamp/autonomy-bootcamp-2025-p2/modules/command/command.py | run | 104] Current Average Velocity: 13.62 m/s
16:32:51: [INFO] [/Users/abrizvi/Desktop/Personal/UWARG/Bootcamp/autonomy-bootcamp-2025-p2/modules/command/command_worker.py | command_worker | 70] Command run produced: alt_str: , yaw_str: CHANGING_YAW: -26.57 degrees. 
16:32:51: [INFO] [/Users/abrizvi/Desktop/Personal/UWARG/Bootcamp/autonomy-bootcamp-2025-p2/modules/command/command_worker.py | command_worker | 68] Received telemetry data: {
            time_since_boot: None,
            x: 0,
            y: 20,
            z: 30,
            x_velocity: 0,
            y_velocity: 20,
            z_velocity: 0,
            roll: None,
            pitch: None,
            yaw: 1.5707963267948966,
            roll_speed: None,
            pitch_speed: None,
            yaw_speed: None
        }
16:32:51: [INFO] [/Users/abrizvi/Desktop/Personal/UWARG/Bootcamp/autonomy-bootcamp-2025-p2/modules/command/command.py | run | 104] Current Average Velocity: 13.91 m/s
16:32:51: [INFO] [/Users/abrizvi/Desktop/Personal/UWARG/Bootcamp/autonomy-bootcamp-2025-p2/modules/command/command_worker.py | command_worker | 70] Command run produced: alt_str: , yaw_str: CHANGING_YAW: -26.57 degrees. 
16:32:52: [INFO] [/Users/abrizvi/Desktop/Personal/UWARG/Bootcamp/autonomy-bootcamp-2025-p2/modules/command/command_worker.py | command_worker | 68] Received telemetry data: {
            time_since_boot: None,
            x: 0,
            y: 30,
            z: 30,
            x_velocity: 20,
            y_velocity: 0,
            z_velocity: 0,
            roll: None,
            pitch: None,
            yaw: 0,
            roll_speed: None,
            pitch_speed: None,
            yaw_speed: None
        }
16:32:52: [INFO] [/Users/abrizvi/Desktop/Personal/UWARG/Bootcamp/autonomy-bootcamp-2025-p2/modules/command/command.py | run | 104] Current Average Velocity: 14.17 m/s
16:32:52: [INFO] [/Users/abrizvi/Desktop/Personal/UWARG/Bootcamp/autonomy-bootcamp-2025-p2/modules/command/command_worker.py | command_worker | 70] Command run produced: alt_str: , yaw_str: CHANGING_YAW: 63.43 degrees. 
16:32:52: [INFO] [/Users/abrizvi/Desktop/Personal/UWARG/Bootcamp/autonomy-bootcamp-2025-p2/modules/command/command_worker.py | command_worker | 68] Received telemetry data: {
            time_since_boot: None,
            x: 10,
            y: 30,
            z: 30,
            x_velocity: 20,
            y_velocity: 0,
            z_velocity: 0,
            roll: None,
            pitch: None,
            yaw: 0,
            roll_speed: None,
            pitch_speed: None,
            yaw_speed: None
        }
16:32:52: [INFO] [/Users/abrizvi/Desktop/Personal/UWARG/Bootcamp/autonomy-bootcamp-2025-p2/modules/command/command.py | run | 104] Current Average Velocity: 14.42 m/s
16:32:52: [INFO] [/Users/abrizvi/Desktop/Personal/UWARG/Bootcamp/autonomy-bootcamp-2025-p2/modules/command/command_worker.py | command_worker | 70] Command run produced: alt_str: , yaw_str: CHANGING_YAW: 63.43 degrees. 
16:32:53: [INFO] [/Users/abrizvi/Desktop/Personal/UWARG/Bootcamp/autonomy-bootcamp-2025-p2/modules/command/command_worker.py | command_worker | 68] Received telemetry data: {
            time_since_boot: None,
            x: 20,
            y: 30,
            z: 30,
            x_velocity: 20,
            y_velocity: 0,
            z_velocity: 0,
            roll: None,
            pitch: None,
            yaw: 0,
            roll_speed: None,
            pitch_speed: None,
            yaw_speed: None
        }
16:32:53: [INFO] [/Users/abrizvi/Desktop/Personal/UWARG/Bootcamp/autonomy-bootcamp-2025-p2/modules/command/command.py | run | 104] Current Average Velocity: 14.64 m/s
16:32:53: [INFO] [/Users/abrizvi/Desktop/Personal/UWARG/Bootcamp/autonomy-bootcamp-2025-p2/modules/command/command_worker.py | command_worker | 70] Command run produced: alt_str: , yaw_str: CHANGING_YAW: 63.43 degrees. 
16:32:53: [INFO] [/Users/abrizvi/Desktop/Personal/UWARG/Bootcamp/autonomy-bootcamp-2025-p2/modules/command/command_worker.py | command_worker | 68] Received telemetry data: {
            time_since_boot: None,
            x: 30,
            y: 30,
            z: 30,
            x_velocity: 0,
            y_velocity: -20,
            z_velocity: 0,
            roll: None,
            pitch: None,
            yaw: -1.5707963267948966,
            roll_speed: None,
            pitch_speed: None,
            yaw_speed: None
        }
16:32:53: [INFO] [/Users/abrizvi/Desktop/Personal/UWARG/Bootcamp/autonomy-bootcamp-2025-p2/modules/command/command.py | run | 104] Current Average Velocity: 14.85 m/s
16:32:53: [INFO] [/Users/abrizvi/Desktop/Personal/UWARG/Bootcamp/autonomy-bootcamp-2025-p2/modules/command/command_worker.py | command_worker | 70] Command run produced: alt_str: , yaw_str: CHANGING_YAW: 153.43 degrees. 
16:32:54: [INFO] [/Users/abrizvi/Desktop/Personal/UWARG/Bootcamp/autonomy-bootcamp-2025-p2/modules/command/command_worker.py | command_worker | 68] Received telemetry data: {
            time_since_boot: None,
            x: 30,
            y: 20,
            z: 30,
            x_velocity: 0,
            y_velocity: -20,
            z_velocity: 0,
            roll: None,
            pitch: None,
            yaw: -1.5707963267948966,
            roll_speed: None,
            pitch_speed: None,
            yaw_speed: None
        }
16:32:54: [INFO] [/Users/abrizvi/Desktop/Personal/UWARG/Bootcamp/autonomy-bootcamp-2025-p2/modules/command/command.py | run | 104] Current Average Velocity: 15.04 m/s
16:32:54: [INFO] [/Users/abrizvi/Desktop/Personal/UWARG/Bootcamp/autonomy-bootcamp-2025-p2/modules/command/command_worker.py | command_worker | 70] Command run produced: alt_str: , yaw_str: CHANGING_YAW: 153.43 degrees. 
16:32:54: [INFO] [/Users/abrizvi/Desktop/Personal/UWARG/Bootcamp/autonomy-bootcamp-2025-p2/modules/command/command_worker.py | command_worker | 68] Received telemetry data: {
            time_since_boot: None,
            x: 30,
            y: 10,
            z: 30,
            x_velocity: 0,
            y_velocity: -20,
            z_velocity: 0,
            roll: None,
            pitch: None,
            yaw: -1.5707963267948966,
            roll_speed: None,
            pitch_speed: None,
            yaw_speed: None
        }
16:32:54: [INFO] [/Users/abrizvi/Desktop/Personal/UWARG/Bootcamp/autonomy-bootcamp-2025-p2/modules/command/command.py | run | 104] Current Average Velocity: 15.21 m/s
16:32:54: [INFO] [/Users/abrizvi/Desktop/Personal/UWARG/Bootcamp/autonomy-bootcamp-2025-p2/modules/command/command_worker.py | command_worker | 70] Command run produced: alt_str: , yaw_str: CHANGING_YAW: 153.43 degrees. 
16:32:55: [INFO] [/Users/abrizvi/Desktop/Personal/UWARG/Bootcamp/autonomy-bootcamp-2025-p2/modules/command/command_worker.py | command_worker | 68] Received telemetry data: {
            time_since_boot: None,
            x: 30,
            y: 0,
            z: 30,
            x_velocity: -20,
            y_velocity: 0,
            z_velocity: 0,
            roll: None,
            pitch: None,
            yaw: -3.141592653589793,
            roll_speed: None,
            pitch_speed: None,
            yaw_speed: None
        }
16:32:55: [INFO] [/Users/abrizvi/Desktop/Personal/UWARG/Bootcamp/autonomy-bootcamp-2025-p2/modules/command/command.py | run | 104] Current Average Velocity: 15.38 m/s
16:32:55: [INFO] [/Users/abrizvi/Desktop/Personal/UWARG/Bootcamp/autonomy-bootcamp-2025-p2/modules/command/command_worker.py | command_worker | 70] Command run produced: alt_str: , yaw_str: CHANGING_YAW: -116.57 degrees. 
16:32:55: [INFO] [/Users/abrizvi/Desktop/Personal/UWARG/Bootcamp/autonomy-bootcamp-2025-p2/modules/command/command_worker.py | command_worker | 68] Received telemetry data: {
            time_since_boot: None,
            x: 20,
            y: 0,
            z: 30,
            x_velocity: -20,
            y_velocity: 0,
            z_velocity: 0,
            roll: None,
            pitch: None,
            yaw: 3.141592653589793,
            roll_speed: None,
            pitch_speed: None,
            yaw_speed: None
        }
16:32:55: [INFO] [/Users/abrizvi/Desktop/Personal/UWARG/Bootcamp/autonomy-bootcamp-2025-p2/modules/command/command.py | run | 104] Current Average Velocity: 15.53 m/s
16:32:55: [INFO] [/Users/abrizvi/Desktop/Personal/UWARG/Bootcamp/autonomy-bootcamp-2025-p2/modules/command/command_worker.py | command_worker | 70] Command run produced: alt_str: , yaw_str: CHANGING_YAW: -116.57 degrees. 
16:32:56: [INFO] [/Users/abrizvi/Desktop/Personal/UWARG/Bootcamp/autonomy-bootcamp-2025-p2/modules/command/command_worker.py | command_worker | 68] Received telemetry data: {
            time_since_boot: None,
            x: 10,
            y: 0,
            z: 30,
            x_velocity: -20,
            y_velocity: 0,
            z_velocity: 0,
            roll: None,
            pitch: None,
            yaw: -3.141592653589793,
            roll_speed: None,
            pitch_speed: None,
            yaw_speed: None
        }
16:32:56: [INFO] [/Users/abrizvi/Desktop/Personal/UWARG/Bootcamp/autonomy-bootcamp-2025-p2/modules/command/command.py | run | 104] Current Average Velocity: 15.68 m/s
16:32:56: [INFO] [/Users/abrizvi/Desktop/Personal/UWARG/Bootcamp/autonomy-bootcamp-2025-p2/modules/command/command_worker.py | command_worker | 70] Command run produced: alt_str: , yaw_str: CHANGING_YAW: -116.57 degrees. 
